// Jest Snapshot v1, https://goo.gl/fbAQLP

exports[`Pagination Component Tests Component should render correctly 1`] = `Object {}`;
